// Jest Snapshot v1, https://goo.gl/fbAQLP

exports[`rollup-plugin-image use base64 1`] = `"var img = 'data:image/png;base64,iVBORw0KGgoAAAANSUhEUgAAAAEAAAABCAAAAAA6fptVAAAACklEQVR4nGP6DwABBQECz6AuzQAAAABJRU5ErkJggg=='; export default img;"`;
